
[1m[46m RUN [49m[22m [36mv4.0.17 [39m[90mC:/Users/Christian Dave Vilan/Downloads/ClassiFi/frontend[39m

 [31mΓ¥»[39m presentation/hooks/useCourseworkForm.test.tsx [2m([22m[2m7 tests[22m[2m | [22m[31m1 failed[39m[2m | [22m[33m6 skipped[39m[2m)[22m[32m 124[2mms[22m[39m
       [2m[90mΓåô[39m[22m should initialize with default values in create mode
       [2m[90mΓåô[39m[22m should fetch assignment data in edit mode
       [2m[90mΓåô[39m[22m should create assignment and navigate on success
       [2m[90mΓåô[39m[22m should prevent submission if validation fails
       [2m[90mΓåô[39m[22m should add pending test case in create mode
       [2m[90mΓåô[39m[22m should call createTestCase with new assignment ID after creation
[31m       [31m├ù[31m should update assignment and navigate on success[39m[32m 116[2mms[22m[39m
node.exe : 
At C:\Program Files\nodejs\npx.ps1:29 char:3
+   & $NODE_EXE $NPX_CLI_JS $args
+   ~~~~~~~~~~~~~~~~~~~~~~~~~~~~~
    + CategoryInfo          : NotSpecified: (:Strin 
   g) [], RemoteException
    + FullyQualifiedErrorId : NativeCommandError
 
[31mΓÄ»ΓÄ»ΓÄ»ΓÄ»ΓÄ»ΓÄ»ΓÄ»[39m[1m[41m Failed 
Tests 1 [49m[22m[31mΓÄ»ΓÄ»ΓÄ»ΓÄ»ΓÄ»ΓÄ»ΓÄ»[39m

[41m[1m FAIL [22m[49m 
presentation/hooks/useCourseworkForm.test.tsx[2m > 
[22museCourseworkForm[2m > [22mForm Submission 
(Edit)[2m > [22mshould update assignment and 
navigate on success
[31m[1mAssertionError[22m: expected "vi.fn()" to 
be called with arguments: [ 202, 
ObjectContaining{ΓÇª} ][90m

Number of calls: [1m0[22m
[31m[39m
[36m [2mΓ¥»[22m presentation/hooks/useCourseworkF
orm.test.tsx:[2m292:45[22m[39m
    [90m290| [39m      })[33m;[39m
    [90m291| [39m
    [90m292| [39m      [34mexpect[39m(classServi
ce[33m.[39mupdateAssignment)[33m.[39m[34mtoHave
BeenCalledWith[39m(
    [90m   | [39m                                 
           [31m^[39m
    [90m293| [39m        [34m202[39m[33m,[39m
    [90m294| [39m        
expect[33m.[39m[34mobjectContaining[39m({

[31m[2mΓÄ»ΓÄ»ΓÄ»ΓÄ»ΓÄ»ΓÄ»ΓÄ»ΓÄ»ΓÄ»ΓÄ»ΓÄ»ΓÄ»ΓÄ»ΓÄ»Γ
Ä»ΓÄ»ΓÄ»ΓÄ»ΓÄ»ΓÄ»ΓÄ»ΓÄ»ΓÄ»ΓÄ»[1/1]ΓÄ»[22m[39m


[2m Test Files [22m [1m[31m1 failed[39m[22m[90m (1)[39m
[2m      Tests [22m [1m[31m1 failed[39m[22m[2m | [22m[33m6 skipped[39m[90m (7)[39m
[2m   Start at [22m 05:25:11
[2m   Duration [22m 7.54s[2m (transform 2.45s, setup 1.79s, import 2.75s, tests 124ms, environment 2.52s)[22m

